mads 2.1.8
demo/pas/pfloat.a65 -x -i:/home/doc/Projects/neo6502_dev/Mad-Pascal/base -o:fs/PRG/pfloat.prg 
   119 					opt l+
   106
   107 				.print 'ZPAGE: ',zpage,'..',zpend-1
   107 				ZPAGE: $0022..$00A3
   108
   109 				.print 'RTBUF: ',@buf,'..',@buf+255
   109 				RTBUF: $0300..$03FF
   110
   111 				.print 'RTLIB: ',RTLIB,'..',*-1
   111 				RTLIB: $0926..$0D4B
   112
   113 				; ------------------------------------------------------------
   114
   115 0D4C			START
   116 0D4C BA				tsx
   117 0D4D 8E 77 15			stx MAIN.@halt+1
   118
   119 = 007C			VLEN	= VARDATASIZE-VARINITSIZE
   120 = 1582			VADR	= DATAORIGIN+VARINITSIZE
   121
   122 					ift (VLEN > 0) && (VLEN <= 256)
   123 0D50 A2 84			ldx #256-VLEN
   124 0D52 A9 00			lda #$00
   125 0D54 9D FE 14 E8 D0 FA		sta:rne VADR+VLEN-256,x+
   126 					eli VLEN>256
   127 					m@init
   128 					eif
   129
   130 				.ifdef psptr
   131 					mwa #PROGRAMSTACK psptr
   132 				.fi
   133
   134 0D5A A2 00			ldx #$00
   135 0D5C 86 22			stx bp						; BP = 0
   136
   137 0D5E CA				dex						; X = 255
   138
   139 					opt c+
   140 0D5F				UNITINITIALIZATION
Macro: UNITINITIALIZATION [Source: pfloat.a65]
     3 0D5F 20 49 0E			jsr MAIN.SYSTEM.@UnitInit
Source: pfloat.a65
   141
   142 0D62			.local	MAIN						; PROCEDURE
   143
   144 0D62 4C 33 10			jmp l_012A
   145
   146 				; ------------------------------------------------------------
   147
   148 0D65			.local	SYSTEM						; UNIT
   149
   150 0D65			.local	SQRT						; FUNCTION | OVERLOAD
   151 0D65			.local	@01018F000
   152
   153 				; -------------------  ASM Block 00000013  -------------------
   154
   155 0D65 AD 85 15			lda x
   156 0D68 8D 00 D7			sta $D700
   157 0D6B AD 86 15			lda x+1
   158 0D6E 8D 01 D7			sta $D701
   159 0D71 AD 87 15			lda x+2
   160 0D74 8D 02 D7			sta $D702
   161 0D77 AD 88 15			lda x+3
   162 0D7A 8D 03 D7			sta $D703
   163 0D7D 9C 21 D7			stz $D721
   164 0D80 A9 05			lda #5
   165 0D82 8D 20 D7			sta $D720	; [K4510] the MATH unit: Sqrt
   166 0D85 AD 00 D7			lda $D700
   167 0D88 8D 89 15			sta Result
   168 0D8B AD 01 D7			lda $D701
   169 0D8E 8D 8A 15			sta Result+1
   170 0D91 AD 02 D7			lda $D702
   171 0D94 8D 8B 15			sta Result+2
   172 0D97 AD 03 D7			lda $D703
   173 0D9A 8D 8C 15			sta Result+3
   174 				 
   175 0D9D			@exit
   176
   177 				; ------------------------------------------------------------
   178
   179 = 1585			X	= DATAORIGIN+$000B
   180 = 1589			RESULT	= DATAORIGIN+$000F
   181
   182 = 1585			@VarData	= X
   183 = 0008			@VarDataSize	= 8
   184
   185 0D9D 60				rts						; ret
   186 				.endl
   187 				.endl							; overload
   188
   189 0D9E			.local	ARCTAN						; FUNCTION | OVERLOAD
   190 0D9E			.local	@01018F000
   191
   192 				; -------------------  ASM Block 00000014  -------------------
   193
   194 0D9E AD 8D 15			lda a
   195 0DA1 8D 00 D7			sta $D700
   196 0DA4 AD 8E 15			lda a+1
   197 0DA7 8D 01 D7			sta $D701
   198 0DAA AD 8F 15			lda a+2
   199 0DAD 8D 02 D7			sta $D702
   200 0DB0 AD 90 15			lda a+3
   201 0DB3 8D 03 D7			sta $D703
   202 0DB6 9C 21 D7			stz $D721
   203 0DB9 A9 09			lda #9
   204 0DBB 8D 20 D7			sta $D720	; [K4510] the MATH unit: ArcTan
   205 0DBE AD 00 D7			lda $D700
   206 0DC1 8D 91 15			sta Result
   207 0DC4 AD 01 D7			lda $D701
   208 0DC7 8D 92 15			sta Result+1
   209 0DCA AD 02 D7			lda $D702
   210 0DCD 8D 93 15			sta Result+2
   211 0DD0 AD 03 D7			lda $D703
   212 0DD3 8D 94 15			sta Result+3
   213 				 
   214 0DD6			@exit
   215
   216 				; ------------------------------------------------------------
   217
   218 = 158D			A	= DATAORIGIN+$0013
   219 = 1591			RESULT	= DATAORIGIN+$0017
   220
   221 = 158D			@VarData	= A
   222 = 0008			@VarDataSize	= 8
   223
   224 0DD6 60				rts						; ret
   225 				.endl
   226 				.endl							; overload
   227
   228 0DD7			.local	EXP						; FUNCTION | OVERLOAD
   229 0DD7			.local	@01018F000
   230
   231 				; -------------------  ASM Block 00000015  -------------------
   232
   233 0DD7 AD 95 15			lda x
   234 0DDA 8D 00 D7			sta $D700
   235 0DDD AD 96 15			lda x+1
   236 0DE0 8D 01 D7			sta $D701
   237 0DE3 AD 97 15			lda x+2
   238 0DE6 8D 02 D7			sta $D702
   239 0DE9 AD 98 15			lda x+3
   240 0DEC 8D 03 D7			sta $D703
   241 0DEF 9C 21 D7			stz $D721
   242 0DF2 A9 0B			lda #11
   243 0DF4 8D 20 D7			sta $D720	; [K4510] the MATH unit: Exp
   244 0DF7 AD 00 D7			lda $D700
   245 0DFA 8D 99 15			sta Result
   246 0DFD AD 01 D7			lda $D701
   247 0E00 8D 9A 15			sta Result+1
   248 0E03 AD 02 D7			lda $D702
   249 0E06 8D 9B 15			sta Result+2
   250 0E09 AD 03 D7			lda $D703
   251 0E0C 8D 9C 15			sta Result+3
   252 				 
   253 0E0F			@exit
   254
   255 				; ------------------------------------------------------------
   256
   257 = 1595			X	= DATAORIGIN+$001B
   258 = 1599			RESULT	= DATAORIGIN+$001F
   259
   260 = 1595			@VarData	= X
   261 = 0008			@VarDataSize	= 8
   262
   263 0E0F 60				rts						; ret
   264 				.endl
   265 				.endl							; overload
   266
   267 0E10			.local	COS						; FUNCTION | OVERLOAD
   268 0E10			.local	@01018F000
   269
   270 				; -------------------  ASM Block 00000039  -------------------
   271
   272 0E10 AD 9D 15			lda x
   273 0E13 8D 00 D7			sta $D700
   274 0E16 AD 9E 15			lda x+1
   275 0E19 8D 01 D7			sta $D701
   276 0E1C AD 9F 15			lda x+2
   277 0E1F 8D 02 D7			sta $D702
   278 0E22 AD A0 15			lda x+3
   279 0E25 8D 03 D7			sta $D703
   280 0E28 9C 21 D7			stz $D721
   281 0E2B A9 07			lda #7
   282 0E2D 8D 20 D7			sta $D720	; [K4510] the MATH unit: Cos
   283 0E30 AD 00 D7			lda $D700
   284 0E33 8D A1 15			sta Result
   285 0E36 AD 01 D7			lda $D701
   286 0E39 8D A2 15			sta Result+1
   287 0E3C AD 02 D7			lda $D702
   288 0E3F 8D A3 15			sta Result+2
   289 0E42 AD 03 D7			lda $D703
   290 0E45 8D A4 15			sta Result+3
   291 				 
   292 0E48			@exit
   293
   294 				; ------------------------------------------------------------
   295
   296 = 159D			X	= DATAORIGIN+$0023
   297 = 15A1			RESULT	= DATAORIGIN+$0027
   298
   299 = 159D			@VarData	= X
   300 = 0008			@VarDataSize	= 8
   301
   302 0E48 60				rts						; ret
   303 				.endl
   304 				.endl							; overload
   305
   306 				; ------------------------------------------------------------
   307 				; ------------------------------------------------------------
   308 0E49			@UnitInit
   309
   310 0E49 60				rts
   311
   312 				; ------------------------------------------------------------
   313
   314 = 0648			M_PI_2	= $0648
   315 = 0192			D_PI_2	= $0192
   316 = 0004			D_PI_180	= $04
   317 = 0004			FMOPENREAD	= $04
   318 = 0008			FMOPENWRITE	= $08
   319 = 0009			FMOPENAPPEND	= $09
   320 = 000C			FMOPENREADWRITE	= $0C
   321 = 157A			DATESEPARATOR	= DATAORIGIN+$0000
   322 = 157B			FILEMODE	= DATAORIGIN+$0001
   323 = 157C			GRAPHMODE	= DATAORIGIN+$0002
   324 = 157D			IORESULT	= DATAORIGIN+$0003
   325 = 157E			EOLN	= DATAORIGIN+$0004
   326 = 157F			SCREENWIDTH	= DATAORIGIN+$0005
   327 = 1581			SCREENHEIGHT	= DATAORIGIN+$0007
   328 = 0000			adr.MEM	= $00
   329 0E4A			.var MEM	= adr.MEM .word
   330 = 1583			RNDSEED	= DATAORIGIN+$0009
   331
   332 = 0E4A 00 00		MEM
   332 				.endl							; UNIT SYSTEM
   333
   334 				; ------------------------------------------------------------
   335
   336 0E4C			.local	K4510						; UNIT
   337
   338 0E4C			.local	MATHUNARY					; FUNCTION
   339
   340 				; optimize OK (K4510), line = 232
   341
   342 0E4C AD A5 15			lda X
   343 0E4F 8D 00 D7			sta adr.MATH_F
   344 0E52 AD A6 15			lda X+1
   345 0E55 8D 01 D7			sta adr.MATH_F+1
   346 0E58 AD A7 15			lda X+2
   347 0E5B 8D 02 D7			sta adr.MATH_F+2
   348 0E5E AD A8 15			lda X+3
   349 0E61 8D 03 D7			sta adr.MATH_F+3
   350 0E64 9C 21 D7			stz MATH_FARG
   351 0E67 AD A9 15			lda OP
   352 0E6A 8D 20 D7			sta MATH_FOP
   353 0E6D AD 00 D7			lda adr.MATH_F
   354 0E70 8D AA 15			sta RESULT
   355 0E73 AD 01 D7			lda adr.MATH_F+1
   356 0E76 8D AB 15			sta RESULT+1
   357 0E79 AD 02 D7			lda adr.MATH_F+2
   358 0E7C 8D AC 15			sta RESULT+2
   359 0E7F AD 03 D7			lda adr.MATH_F+3
   360 0E82 8D AD 15			sta RESULT+3
   361 0E85			@exit
   362
   363 				; ------------------------------------------------------------
   364
   365 = 15A5			X	= DATAORIGIN+$002B
   366 = 15A9			OP	= DATAORIGIN+$002F
   367 = 15AA			RESULT	= DATAORIGIN+$0030
   368
   369 = 15A5			@VarData	= X
   370 = 0009			@VarDataSize	= 9
   371
   372 0E85 60				rts						; ret
   373 				.endl
   374
   375 0E86			.local	MATHBINARY					; FUNCTION
   376
   377 				; optimize OK (K4510), line = 236
   378
   379 0E86 AD AE 15			lda X
   380 0E89 8D 00 D7			sta adr.MATH_F
   381 0E8C AD AF 15			lda X+1
   382 0E8F 8D 01 D7			sta adr.MATH_F+1
   383 0E92 AD B0 15			lda X+2
   384 0E95 8D 02 D7			sta adr.MATH_F+2
   385 0E98 AD B1 15			lda X+3
   386 0E9B 8D 03 D7			sta adr.MATH_F+3
   387 0E9E AD B2 15			lda Y
   388 0EA1 8D 04 D7			sta adr.MATH_F+$04
   389 0EA4 AD B3 15			lda Y+1
   390 0EA7 8D 05 D7			sta adr.MATH_F+1+$04
   391 0EAA AD B4 15			lda Y+2
   392 0EAD 8D 06 D7			sta adr.MATH_F+2+$04
   393 0EB0 AD B5 15			lda Y+3
   394 0EB3 8D 07 D7			sta adr.MATH_F+3+$04
   395 0EB6 A9 01			lda #$01
   396 0EB8 8D 21 D7			sta MATH_FARG
   397 0EBB AD B6 15			lda OP
   398 0EBE 8D 20 D7			sta MATH_FOP
   399 0EC1 AD 00 D7			lda adr.MATH_F
   400 0EC4 8D B7 15			sta RESULT
   401 0EC7 AD 01 D7			lda adr.MATH_F+1
   402 0ECA 8D B8 15			sta RESULT+1
   403 0ECD AD 02 D7			lda adr.MATH_F+2
   404 0ED0 8D B9 15			sta RESULT+2
   405 0ED3 AD 03 D7			lda adr.MATH_F+3
   406 0ED6 8D BA 15			sta RESULT+3
   407 0ED9			@exit
   408
   409 				; ------------------------------------------------------------
   410
   411 = 15AE			X	= DATAORIGIN+$0034
   412 = 15B2			Y	= DATAORIGIN+$0038
   413 = 15B6			OP	= DATAORIGIN+$003C
   414 = 15B7			RESULT	= DATAORIGIN+$003D
   415
   416 = 15AE			@VarData	= X
   417 = 000D			@VarDataSize	= 13
   418
   419 0ED9 60				rts						; ret
   420 				.endl
   421
   422 0EDA			.local	MATHSQRT					; FUNCTION
   423
   424 				; optimize OK (K4510), line = 238
   425
   426 0EDA AD BB 15			lda X
   427 0EDD 8D A5 15			sta MATHUNARY.X
   428 0EE0 AD BC 15			lda X+1
   429 0EE3 8D A6 15			sta MATHUNARY.X+1
   430 0EE6 AD BD 15			lda X+2
   431 0EE9 8D A7 15			sta MATHUNARY.X+2
   432 0EEC AD BE 15			lda X+3
   433 0EEF 8D A8 15			sta MATHUNARY.X+3
   434 0EF2 A9 05			lda #$05
   435 0EF4 8D A9 15			sta MATHUNARY.OP
   436 0EF7 20 4C 0E			jsr MATHUNARY
   437 0EFA AD AA 15			lda MATHUNARY.RESULT
   438 0EFD 8D BF 15			sta RESULT
   439 0F00 AD AB 15			lda MATHUNARY.RESULT+1
   440 0F03 8D C0 15			sta RESULT+1
   441 0F06 AD AC 15			lda MATHUNARY.RESULT+2
   442 0F09 8D C1 15			sta RESULT+2
   443 0F0C AD AD 15			lda MATHUNARY.RESULT+3
   444 0F0F 8D C2 15			sta RESULT+3
   445 0F12			@exit
   446
   447 				; ------------------------------------------------------------
   448
   449 = 15BB			X	= DATAORIGIN+$0041
   450 = 15BF			RESULT	= DATAORIGIN+$0045
   451
   452 = 15BB			@VarData	= X
   453 = 0008			@VarDataSize	= 8
   454
   455 0F12 60				rts						; ret
   456 				.endl
   457
   458 0F13			.local	MATHSIN						; FUNCTION
   459
   460 				; optimize OK (K4510), line = 239
   461
   462 0F13 AD C3 15			lda X
   463 0F16 8D A5 15			sta MATHUNARY.X
   464 0F19 AD C4 15			lda X+1
   465 0F1C 8D A6 15			sta MATHUNARY.X+1
   466 0F1F AD C5 15			lda X+2
   467 0F22 8D A7 15			sta MATHUNARY.X+2
   468 0F25 AD C6 15			lda X+3
   469 0F28 8D A8 15			sta MATHUNARY.X+3
   470 0F2B A9 06			lda #$06
   471 0F2D 8D A9 15			sta MATHUNARY.OP
   472 0F30 20 4C 0E			jsr MATHUNARY
   473 0F33 AD AA 15			lda MATHUNARY.RESULT
   474 0F36 8D C7 15			sta RESULT
   475 0F39 AD AB 15			lda MATHUNARY.RESULT+1
   476 0F3C 8D C8 15			sta RESULT+1
   477 0F3F AD AC 15			lda MATHUNARY.RESULT+2
   478 0F42 8D C9 15			sta RESULT+2
   479 0F45 AD AD 15			lda MATHUNARY.RESULT+3
   480 0F48 8D CA 15			sta RESULT+3
   481 0F4B			@exit
   482
   483 				; ------------------------------------------------------------
   484
   485 = 15C3			X	= DATAORIGIN+$0049
   486 = 15C7			RESULT	= DATAORIGIN+$004D
   487
   488 = 15C3			@VarData	= X
   489 = 0008			@VarDataSize	= 8
   490
   491 0F4B 60				rts						; ret
   492 				.endl
   493
   494 0F4C			.local	MATHATAN2					; FUNCTION
   495
   496 				; optimize OK (K4510), line = 243
   497
   498 0F4C AD CB 15			lda Y
   499 0F4F 8D AE 15			sta MATHBINARY.X
   500 0F52 AD CC 15			lda Y+1
   501 0F55 8D AF 15			sta MATHBINARY.X+1
   502 0F58 AD CD 15			lda Y+2
   503 0F5B 8D B0 15			sta MATHBINARY.X+2
   504 0F5E AD CE 15			lda Y+3
   505 0F61 8D B1 15			sta MATHBINARY.X+3
   506 0F64 AD CF 15			lda X
   507 0F67 8D B2 15			sta MATHBINARY.Y
   508 0F6A AD D0 15			lda X+1
   509 0F6D 8D B3 15			sta MATHBINARY.Y+1
   510 0F70 AD D1 15			lda X+2
   511 0F73 8D B4 15			sta MATHBINARY.Y+2
   512 0F76 AD D2 15			lda X+3
   513 0F79 8D B5 15			sta MATHBINARY.Y+3
   514 0F7C A9 0A			lda #$0A
   515 0F7E 8D B6 15			sta MATHBINARY.OP
   516 0F81 20 86 0E			jsr MATHBINARY
   517 0F84 AD B7 15			lda MATHBINARY.RESULT
   518 0F87 8D D3 15			sta RESULT
   519 0F8A AD B8 15			lda MATHBINARY.RESULT+1
   520 0F8D 8D D4 15			sta RESULT+1
   521 0F90 AD B9 15			lda MATHBINARY.RESULT+2
   522 0F93 8D D5 15			sta RESULT+2
   523 0F96 AD BA 15			lda MATHBINARY.RESULT+3
   524 0F99 8D D6 15			sta RESULT+3
   525 0F9C			@exit
   526
   527 				; ------------------------------------------------------------
   528
   529 = 15CB			Y	= DATAORIGIN+$0051
   530 = 15CF			X	= DATAORIGIN+$0055
   531 = 15D3			RESULT	= DATAORIGIN+$0059
   532
   533 = 15CB			@VarData	= Y
   534 = 000C			@VarDataSize	= 12
   535
   536 0F9C 60				rts						; ret
   537 				.endl
   538
   539 0F9D			.local	MATHLN						; FUNCTION
   540
   541 				; optimize OK (K4510), line = 245
   542
   543 0F9D AD D7 15			lda X
   544 0FA0 8D A5 15			sta MATHUNARY.X
   545 0FA3 AD D8 15			lda X+1
   546 0FA6 8D A6 15			sta MATHUNARY.X+1
   547 0FA9 AD D9 15			lda X+2
   548 0FAC 8D A7 15			sta MATHUNARY.X+2
   549 0FAF AD DA 15			lda X+3
   550 0FB2 8D A8 15			sta MATHUNARY.X+3
   551 0FB5 A9 0C			lda #$0C
   552 0FB7 8D A9 15			sta MATHUNARY.OP
   553 0FBA 20 4C 0E			jsr MATHUNARY
   554 0FBD AD AA 15			lda MATHUNARY.RESULT
   555 0FC0 8D DB 15			sta RESULT
   556 0FC3 AD AB 15			lda MATHUNARY.RESULT+1
   557 0FC6 8D DC 15			sta RESULT+1
   558 0FC9 AD AC 15			lda MATHUNARY.RESULT+2
   559 0FCC 8D DD 15			sta RESULT+2
   560 0FCF AD AD 15			lda MATHUNARY.RESULT+3
   561 0FD2 8D DE 15			sta RESULT+3
   562 0FD5			@exit
   563
   564 				; ------------------------------------------------------------
   565
   566 = 15D7			X	= DATAORIGIN+$005D
   567 = 15DB			RESULT	= DATAORIGIN+$0061
   568
   569 = 15D7			@VarData	= X
   570 = 0008			@VarDataSize	= 8
   571
   572 0FD5 60				rts						; ret
   573 				.endl
   574
   575 0FD6			.local	MATHPOW						; FUNCTION
   576
   577 				; optimize OK (K4510), line = 246
   578
   579 0FD6 AD DF 15			lda X
   580 0FD9 8D AE 15			sta MATHBINARY.X
   581 0FDC AD E0 15			lda X+1
   582 0FDF 8D AF 15			sta MATHBINARY.X+1
   583 0FE2 AD E1 15			lda X+2
   584 0FE5 8D B0 15			sta MATHBINARY.X+2
   585 0FE8 AD E2 15			lda X+3
   586 0FEB 8D B1 15			sta MATHBINARY.X+3
   587 0FEE AD E3 15			lda Y
   588 0FF1 8D B2 15			sta MATHBINARY.Y
   589 0FF4 AD E4 15			lda Y+1
   590 0FF7 8D B3 15			sta MATHBINARY.Y+1
   591 0FFA AD E5 15			lda Y+2
   592 0FFD 8D B4 15			sta MATHBINARY.Y+2
   593 1000 AD E6 15			lda Y+3
   594 1003 8D B5 15			sta MATHBINARY.Y+3
   595 1006 A9 0D			lda #$0D
   596 1008 8D B6 15			sta MATHBINARY.OP
   597 100B 20 86 0E			jsr MATHBINARY
   598 100E AD B7 15			lda MATHBINARY.RESULT
   599 1011 8D E7 15			sta RESULT
   600 1014 AD B8 15			lda MATHBINARY.RESULT+1
   601 1017 8D E8 15			sta RESULT+1
   602 101A AD B9 15			lda MATHBINARY.RESULT+2
   603 101D 8D E9 15			sta RESULT+2
   604 1020 AD BA 15			lda MATHBINARY.RESULT+3
   605 1023 8D EA 15			sta RESULT+3
   606 1026			@exit
   607
   608 				; ------------------------------------------------------------
   609
   610 = 15DF			X	= DATAORIGIN+$0065
   611 = 15E3			Y	= DATAORIGIN+$0069
   612 = 15E7			RESULT	= DATAORIGIN+$006D
   613
   614 = 15DF			@VarData	= X
   615 = 000C			@VarDataSize	= 12
   616
   617 1026 60				rts						; ret
   618 				.endl
   619
   620 				; ------------------------------------------------------------
   621
   622 = D000			VICKY_BASE	= $D000
   623 = D500			SYS_BASE	= $D500
   624 = D700			MATH_BASE	= $D700
   625 = DA00			TERM_BASE	= $DA00
   626 = 0001			FS_OPEN_READ	= $01
   627 = 0002			FS_OPEN_WRITE	= $02
   628 = 0003			FS_READ	= $03
   629 = 0004			FS_WRITE	= $04
   630 = 0005			FS_CLOSE	= $05
   631 = 0006			FS_DIR_FIRST	= $06
   632 = 0007			FS_DIR_NEXT	= $07
   633 = 0008			FS_STAT	= $08
   634 = 0009			FS_LOAD	= $09
   635 = 000A			FS_SAVE	= $0A
   636 = 000B			FS_CHDIR	= $0B
   637 = 000C			FS_MKDIR	= $0C
   638 = 000D			FS_RM	= $0D
   639 = 000E			FS_RMDIR	= $0E
   640 = 000F			FS_GETCWD	= $0F
   641 = D000			adr.VICKY	= $D000
   642 1027			.var VICKY	= adr.VICKY .word
   643 = D100			KBD	= $D100
   644 = D101			KBDST	= $D101
   645 = D102			KBDPEEK	= $D102
   646 = D200			DMA_SRC	= $D200
   647 = D204			DMA_DST	= $D204
   648 = D208			DMA_LEN	= $D208
   649 = D20C			DMA_CMD	= $D20C
   650 = D300			FS_CMD	= $D300
   651 = D301			FS_STATUS	= $D301
   652 = D304			FS_NAMEPTR	= $D304
   653 = D308			FS_ADDR	= $D308
   654 = D30C			FS_LEN	= $D30C
   655 = D310			FS_SIZE	= $D310
   656 = D500			adr.SYS	= $D500
   657 1027			.var SYS	= adr.SYS .word
   658 = D50D			SYS_FRAMES	= $D50D
   659 = D50D			adr.SYS_FRAMES24	= $D50D
   660 1027			.var SYS_FRAMES24	= adr.SYS_FRAMES24 .word
   661 = D700			adr.MATH_F	= $D700
   662 1027			.var MATH_F	= adr.MATH_F .word
   663 = D720			MATH_FOP	= $D720
   664 = D721			MATH_FARG	= $D721
   665 = D722			MATH_FFLAGS	= $D722
   666 = D724			MATH_FI	= $D724
   667 = D770			MULTINA	= $D770
   668 = D774			MULTINB	= $D774
   669 = D778			MULTOUT	= $D778
   670 = D76C			DIVOUT	= $D76C
   671 = D800			adr.TUBE	= $D800
   672 1027			.var TUBE	= adr.TUBE .word
   673 = D900			adr.NET	= $D900
   674 1027			.var NET	= adr.NET .word
   675 = DA00			TERM	= $DA00
   676 = DA01			TERM_ST	= $DA01
   677 = DA02			TERM_REP	= $DA02
   678 = DA03			TERM_KEY	= $DA03
   679 = DA04			TERM_CTL	= $DA04
   680 = DA05			TERM_COLS	= $DA05
   681 = DA06			TERM_ROWS	= $DA06
   682 = DA09			TERM_CX	= $DA09
   683 = DA0A			TERM_CY	= $DA0A
   684 = DA0B			TERM_FG	= $DA0B
   685 = DA0C			TERM_BG	= $DA0C
   686 = DA0E			TERM_FLAGS	= $DA0E
   687
   688 = 1027 00 D0		VICKY
   688 = 1029 00 D5		SYS
   688 = 102B 0D D5		SYS_FRAMES24
   688 = 102D 00 D7		MATH_F
   688 = 102F 00 D8		TUBE
   688 = 1031 00 D9		NET
   688 				.endl							; UNIT K4510
   689 1033			l_012A
   690
   691 				; optimize OK (pfloat.pas), line = 12
   692
   693 1033 9C EB 15			stz A
   694 1036 9C EC 15			stz A+1
   695 1039 A9 C0			lda #$C0
   696 103B 8D ED 15			sta A+2
   697 103E A9 3F			lda #$3F
   698 1040 8D EE 15			sta A+3
   699 1043 9C EF 15			stz B
   700 1046 9C F0 15			stz B+1
   701 1049 A9 10			lda #$10
   702 104B 8D F1 15			sta B+2
   703 104E A9 40			lda #$40
   704 1050 8D F2 15			sta B+3
   705
   706 				; optimize FAIL ('@print', pfloat.pas), line = 13
   707
   708 					@printSTRING #CODEORIGIN+$0000
   708 				 LDY> CODEORIGIN+$0000\ LDA< CODEORIGIN+$0000\ JSR @PRINTSTRING
   708 1053 A0 08		 LDY> CODEORIGIN+$0000
   708 1055 A9 00		 LDA< CODEORIGIN+$0000
   708 1057 20 AE 0A		 JSR @PRINTSTRING
   709 105A E8				inx
   710 105B E8				inx
   711 105C AD EF 15			lda B
   712 105F 85 2A			sta :FP2MAN0
   713 1061 AD F0 15			lda B+1
   714 1064 85 2B			sta :FP2MAN1
   715 1066 AD F1 15			lda B+2
   716 1069 85 2C			sta :FP2MAN2
   717 106B AD F2 15			lda B+3
   718 106E 85 2D			sta :FP2MAN3
   719 1070 AD EB 15			lda A
   720 1073 85 26			sta :FP1MAN0
   721 1075 AD EC 15			lda A+1
   722 1078 85 27			sta :FP1MAN1
   723 107A AD ED 15			lda A+2
   724 107D 85 28			sta :FP1MAN2
   725 107F AD EE 15			lda A+3
   726 1082 85 29			sta :FP1MAN3
   727 1084 20 40 09			jsr @FADD
   728 1087 CA				dex
   729 1088 A5 2E			lda :FPMAN0
   730 108A 85 2A			sta @FTOA.I
   731 108C A5 2F			lda :FPMAN1
   732 108E 85 2B			sta @FTOA.I+1
   733 1090 A5 30			lda :FPMAN2
   734 1092 85 2C			sta @FTOA.I+2
   735 1094 A5 31			lda :FPMAN3
   736 1096 85 2D			sta @FTOA.I+3
   737 1098 CA				dex
   738 1099 20 99 0B			jsr @FTOA
   739 109C 20 A0 0A			@printEOL
   740
   741 				; optimize FAIL ('@print', pfloat.pas), line = 14
   742
   743 					@printSTRING #CODEORIGIN+$000E
   743 				 LDY> CODEORIGIN+$000E\ LDA< CODEORIGIN+$000E\ JSR @PRINTSTRING
   743 109F A0 08		 LDY> CODEORIGIN+$000E
   743 10A1 A9 0E		 LDA< CODEORIGIN+$000E
   743 10A3 20 AE 0A		 JSR @PRINTSTRING
   744 10A6 E8				inx
   745 10A7 E8				inx
   746 10A8 AD EF 15			lda B
   747 10AB 85 2A			sta :FP2MAN0
   748 10AD AD F0 15			lda B+1
   749 10B0 85 2B			sta :FP2MAN1
   750 10B2 AD F1 15			lda B+2
   751 10B5 85 2C			sta :FP2MAN2
   752 10B7 AD F2 15			lda B+3
   753 10BA 85 2D			sta :FP2MAN3
   754 10BC AD EB 15			lda A
   755 10BF 85 26			sta :FP1MAN0
   756 10C1 AD EC 15			lda A+1
   757 10C4 85 27			sta :FP1MAN1
   758 10C6 AD ED 15			lda A+2
   759 10C9 85 28			sta :FP1MAN2
   760 10CB AD EE 15			lda A+3
   761 10CE 85 29			sta :FP1MAN3
   762 10D0 20 87 09			jsr @FSUB
   763 10D3 CA				dex
   764 10D4 A5 2E			lda :FPMAN0
   765 10D6 85 2A			sta @FTOA.I
   766 10D8 A5 2F			lda :FPMAN1
   767 10DA 85 2B			sta @FTOA.I+1
   768 10DC A5 30			lda :FPMAN2
   769 10DE 85 2C			sta @FTOA.I+2
   770 10E0 A5 31			lda :FPMAN3
   771 10E2 85 2D			sta @FTOA.I+3
   772 10E4 CA				dex
   773 10E5 20 99 0B			jsr @FTOA
   774 10E8 20 A0 0A			@printEOL
   775
   776 				; optimize FAIL ('@print', pfloat.pas), line = 15
   777
   778 					@printSTRING #CODEORIGIN+$001C
   778 				 LDY> CODEORIGIN+$001C\ LDA< CODEORIGIN+$001C\ JSR @PRINTSTRING
   778 10EB A0 08		 LDY> CODEORIGIN+$001C
   778 10ED A9 1C		 LDA< CODEORIGIN+$001C
   778 10EF 20 AE 0A		 JSR @PRINTSTRING
   779 10F2 E8				inx
   780 10F3 E8				inx
   781 10F4 AD EF 15			lda B
   782 10F7 85 2A			sta :FP2MAN0
   783 10F9 AD F0 15			lda B+1
   784 10FC 85 2B			sta :FP2MAN1
   785 10FE AD F1 15			lda B+2
   786 1101 85 2C			sta :FP2MAN2
   787 1103 AD F2 15			lda B+3
   788 1106 85 2D			sta :FP2MAN3
   789 1108 AD EB 15			lda A
   790 110B 85 26			sta :FP1MAN0
   791 110D AD EC 15			lda A+1
   792 1110 85 27			sta :FP1MAN1
   793 1112 AD ED 15			lda A+2
   794 1115 85 28			sta :FP1MAN2
   795 1117 AD EE 15			lda A+3
   796 111A 85 29			sta :FP1MAN3
   797 111C 20 CE 09			jsr @FMUL
   798 111F CA				dex
   799 1120 A5 2E			lda :FPMAN0
   800 1122 85 2A			sta @FTOA.I
   801 1124 A5 2F			lda :FPMAN1
   802 1126 85 2B			sta @FTOA.I+1
   803 1128 A5 30			lda :FPMAN2
   804 112A 85 2C			sta @FTOA.I+2
   805 112C A5 31			lda :FPMAN3
   806 112E 85 2D			sta @FTOA.I+3
   807 1130 CA				dex
   808 1131 20 99 0B			jsr @FTOA
   809 1134 20 A0 0A			@printEOL
   810
   811 				; optimize FAIL ('@print', pfloat.pas), line = 16
   812
   813 					@printSTRING #CODEORIGIN+$002A
   813 				 LDY> CODEORIGIN+$002A\ LDA< CODEORIGIN+$002A\ JSR @PRINTSTRING
   813 1137 A0 08		 LDY> CODEORIGIN+$002A
   813 1139 A9 2A		 LDA< CODEORIGIN+$002A
   813 113B 20 AE 0A		 JSR @PRINTSTRING
   814 113E E8				inx
   815 113F A9 80 95 64			mva #$80 :STACKORIGIN,x
   816 1143 A9 03 95 74			mva #$03 :STACKORIGIN+STACKWIDTH,x
   817 1147 A9 00 95 84			mva #$00 :STACKORIGIN+STACKWIDTH*2,x
   818 114B 95 94			sta :STACKORIGIN+STACKWIDTH*3,x
   819 114D 20 7D 0C			jsr @printREAL
   820 1150 CA				dex
   821 1151 20 A0 0A			@printEOL
   822
   823 				; optimize FAIL ('@print', pfloat.pas), line = 17
   824
   825 					@printSTRING #CODEORIGIN+$0033
   825 				 LDY> CODEORIGIN+$0033\ LDA< CODEORIGIN+$0033\ JSR @PRINTSTRING
   825 1154 A0 08		 LDY> CODEORIGIN+$0033
   825 1156 A9 33		 LDA< CODEORIGIN+$0033
   825 1158 20 AE 0A		 JSR @PRINTSTRING
   826 115B E8				inx
   827 115C A9 FD 95 64			mva #$FD :STACKORIGIN,x
   828 1160 20 DD 0A			jsr @printSHORTINT
   829 1163 CA				dex
   830 					@printSTRING #CODEORIGIN+$0042
   830 				 LDY> CODEORIGIN+$0042\ LDA< CODEORIGIN+$0042\ JSR @PRINTSTRING
   830 1164 A0 08		 LDY> CODEORIGIN+$0042
   830 1166 A9 42		 LDA< CODEORIGIN+$0042
   830 1168 20 AE 0A		 JSR @PRINTSTRING
   831 116B A9 03			lda #$03
   832 116D 20 F3 0A			jsr @printBYTE._a
   833 					@printSTRING #CODEORIGIN+$0052
   833 				 LDY> CODEORIGIN+$0052\ LDA< CODEORIGIN+$0052\ JSR @PRINTSTRING
   833 1170 A0 08		 LDY> CODEORIGIN+$0052
   833 1172 A9 52		 LDA< CODEORIGIN+$0052
   833 1174 20 AE 0A		 JSR @PRINTSTRING
   834 1177 E8				inx
   835 1178 A9 C0 95 64			mva #$C0 :STACKORIGIN,x
   836 117C A9 00 95 74			mva #$00 :STACKORIGIN+STACKWIDTH,x
   837 1180 95 84			sta :STACKORIGIN+STACKWIDTH*2,x
   838 1182 95 94			sta :STACKORIGIN+STACKWIDTH*3,x
   839 1184 20 7D 0C			jsr @printREAL
   840 1187 CA				dex
   841 1188 20 A0 0A			@printEOL
   842
   843 				; optimize OK (pfloat.pas), line = 18
   844
   845 118B AD EF 15			lda B
   846 118E 85 26			sta @FCMPL.A
   847 1190 AD F0 15			lda B+1
   848 1193 85 27			sta @FCMPL.A+1
   849 1195 AD F1 15			lda B+2
   850 1198 85 28			sta @FCMPL.A+2
   851 119A AD F2 15			lda B+3
   852 119D 85 29			sta @FCMPL.A+3
   853 119F AD EB 15			lda A
   854 11A2 85 2E			sta @FCMPL.B
   855 11A4 AD EC 15			lda A+1
   856 11A7 85 2F			sta @FCMPL.B+1
   857 11A9 AD ED 15			lda A+2
   858 11AC 85 30			sta @FCMPL.B+2
   859 11AE AD EE 15			lda A+3
   860 11B1 85 31			sta @FCMPL.B+3
   861 11B3 20 5C 0A			jsr @FCMPL
   862 11B6 10 0D			jpl l_023D
   863 					@printSTRING #CODEORIGIN+$0062
   863 				 LDY> CODEORIGIN+$0062\ LDA< CODEORIGIN+$0062\ JSR @PRINTSTRING
   863 11B8 A0 08		 LDY> CODEORIGIN+$0062
   863 11BA A9 62		 LDA< CODEORIGIN+$0062
   863 11BC 20 AE 0A		 JSR @PRINTSTRING
   864 11BF 20 A0 0A			@printEOL
   865 11C2 4C CF 11			jmp l_0247
   866 11C5			l_023D
   867 					@printSTRING #CODEORIGIN+$0072
   867 				 LDY> CODEORIGIN+$0072\ LDA< CODEORIGIN+$0072\ JSR @PRINTSTRING
   867 11C5 A0 08		 LDY> CODEORIGIN+$0072
   867 11C7 A9 72		 LDA< CODEORIGIN+$0072
   867 11C9 20 AE 0A		 JSR @PRINTSTRING
   868 11CC 20 A0 0A			@printEOL
   869 11CF			l_0247
   870
   871 				; optimize FAIL ('@print', pfloat.pas), line = 19
   872
   873 					@printSTRING #CODEORIGIN+$0081
   873 				 LDY> CODEORIGIN+$0081\ LDA< CODEORIGIN+$0081\ JSR @PRINTSTRING
   873 11CF A0 08		 LDY> CODEORIGIN+$0081
   873 11D1 A9 81		 LDA< CODEORIGIN+$0081
   873 11D3 20 AE 0A		 JSR @PRINTSTRING
   874 11D6 9C BB 15			stz K4510.MATHSQRT.X
   875 11D9 9C BC 15			stz K4510.MATHSQRT.X+1
   876 11DC 9C BD 15			stz K4510.MATHSQRT.X+2
   877 11DF A9 40			lda #$40
   878 11E1 8D BE 15			sta K4510.MATHSQRT.X+3
   879 11E4 20 DA 0E			jsr K4510.MATHSQRT
   880 11E7 AD BF 15			lda K4510.MATHSQRT.RESULT
   881 11EA 85 2A			sta @FTOA.I
   882 11EC AD C0 15			lda K4510.MATHSQRT.RESULT+1
   883 11EF 85 2B			sta @FTOA.I+1
   884 11F1 AD C1 15			lda K4510.MATHSQRT.RESULT+2
   885 11F4 85 2C			sta @FTOA.I+2
   886 11F6 AD C2 15			lda K4510.MATHSQRT.RESULT+3
   887 11F9 85 2D			sta @FTOA.I+3
   888 11FB 20 99 0B			jsr @FTOA
   889 					@printSTRING #CODEORIGIN+$008C
   889 				 LDY> CODEORIGIN+$008C\ LDA< CODEORIGIN+$008C\ JSR @PRINTSTRING
   889 11FE A0 08		 LDY> CODEORIGIN+$008C
   889 1200 A9 8C		 LDA< CODEORIGIN+$008C
   889 1202 20 AE 0A		 JSR @PRINTSTRING
   890 1205 9C C3 15			stz K4510.MATHSIN.X
   891 1208 9C C4 15			stz K4510.MATHSIN.X+1
   892 120B A9 80			lda #$80
   893 120D 8D C5 15			sta K4510.MATHSIN.X+2
   894 1210 A9 3F			lda #$3F
   895 1212 8D C6 15			sta K4510.MATHSIN.X+3
   896 1215 20 13 0F			jsr K4510.MATHSIN
   897 1218 AD C7 15			lda K4510.MATHSIN.RESULT
   898 121B 85 2A			sta @FTOA.I
   899 121D AD C8 15			lda K4510.MATHSIN.RESULT+1
   900 1220 85 2B			sta @FTOA.I+1
   901 1222 AD C9 15			lda K4510.MATHSIN.RESULT+2
   902 1225 85 2C			sta @FTOA.I+2
   903 1227 AD CA 15			lda K4510.MATHSIN.RESULT+3
   904 122A 85 2D			sta @FTOA.I+3
   905 122C 20 99 0B			jsr @FTOA
   906 					@printSTRING #CODEORIGIN+$0098
   906 				 LDY> CODEORIGIN+$0098\ LDA< CODEORIGIN+$0098\ JSR @PRINTSTRING
   906 122F A0 08		 LDY> CODEORIGIN+$0098
   906 1231 A9 98		 LDA< CODEORIGIN+$0098
   906 1233 20 AE 0A		 JSR @PRINTSTRING
   907 1236 9C D7 15			stz K4510.MATHLN.X
   908 1239 9C D8 15			stz K4510.MATHLN.X+1
   909 123C A9 20			lda #$20
   910 123E 8D D9 15			sta K4510.MATHLN.X+2
   911 1241 A9 41			lda #$41
   912 1243 8D DA 15			sta K4510.MATHLN.X+3
   913 1246 20 9D 0F			jsr K4510.MATHLN
   914 1249 AD DB 15			lda K4510.MATHLN.RESULT
   915 124C 85 2A			sta @FTOA.I
   916 124E AD DC 15			lda K4510.MATHLN.RESULT+1
   917 1251 85 2B			sta @FTOA.I+1
   918 1253 AD DD 15			lda K4510.MATHLN.RESULT+2
   919 1256 85 2C			sta @FTOA.I+2
   920 1258 AD DE 15			lda K4510.MATHLN.RESULT+3
   921 125B 85 2D			sta @FTOA.I+3
   922 125D 20 99 0B			jsr @FTOA
   923 1260 20 A0 0A			@printEOL
   924
   925 				; optimize FAIL ('@print', pfloat.pas), line = 20
   926
   927 					@printSTRING #CODEORIGIN+$00A4
   927 				 LDY> CODEORIGIN+$00A4\ LDA< CODEORIGIN+$00A4\ JSR @PRINTSTRING
   927 1263 A0 08		 LDY> CODEORIGIN+$00A4
   927 1265 A9 A4		 LDA< CODEORIGIN+$00A4
   927 1267 20 AE 0A		 JSR @PRINTSTRING
   928 126A 9C DF 15			stz K4510.MATHPOW.X
   929 126D 9C E0 15			stz K4510.MATHPOW.X+1
   930 1270 9C E1 15			stz K4510.MATHPOW.X+2
   931 1273 A9 40			lda #$40
   932 1275 8D E2 15			sta K4510.MATHPOW.X+3
   933 1278 9C E3 15			stz K4510.MATHPOW.Y
   934 127B 9C E4 15			stz K4510.MATHPOW.Y+1
   935 127E A9 20			lda #$20
   936 1280 8D E5 15			sta K4510.MATHPOW.Y+2
   937 1283 A9 41			lda #$41
   938 1285 8D E6 15			sta K4510.MATHPOW.Y+3
   939 1288 20 D6 0F			jsr K4510.MATHPOW
   940 128B AD E7 15			lda K4510.MATHPOW.RESULT
   941 128E 85 2A			sta @FTOA.I
   942 1290 AD E8 15			lda K4510.MATHPOW.RESULT+1
   943 1293 85 2B			sta @FTOA.I+1
   944 1295 AD E9 15			lda K4510.MATHPOW.RESULT+2
   945 1298 85 2C			sta @FTOA.I+2
   946 129A AD EA 15			lda K4510.MATHPOW.RESULT+3
   947 129D 85 2D			sta @FTOA.I+3
   948 129F 20 99 0B			jsr @FTOA
   949 					@printSTRING #CODEORIGIN+$00AC
   949 				 LDY> CODEORIGIN+$00AC\ LDA< CODEORIGIN+$00AC\ JSR @PRINTSTRING
   949 12A2 A0 08		 LDY> CODEORIGIN+$00AC
   949 12A4 A9 AC		 LDA< CODEORIGIN+$00AC
   949 12A6 20 AE 0A		 JSR @PRINTSTRING
   950 12A9 A9 00			lda #$00
   951 12AB 8D CB 15			sta K4510.MATHATAN2.Y
   952 12AE 8D CF 15			sta K4510.MATHATAN2.X
   953 12B1 8D CC 15			sta K4510.MATHATAN2.Y+1
   954 12B4 8D D0 15			sta K4510.MATHATAN2.X+1
   955 12B7 A9 80			lda #$80
   956 12B9 8D CD 15			sta K4510.MATHATAN2.Y+2
   957 12BC 8D D1 15			sta K4510.MATHATAN2.X+2
   958 12BF A9 3F			lda #$3F
   959 12C1 8D CE 15			sta K4510.MATHATAN2.Y+3
   960 12C4 8D D2 15			sta K4510.MATHATAN2.X+3
   961 12C7 20 4C 0F			jsr K4510.MATHATAN2
   962 12CA E8				inx
   963 12CB E8				inx
   964 12CC A9 00			lda #$00
   965 12CE 85 2A			sta :FP2MAN0
   966 12D0 85 2B			sta :FP2MAN1
   967 12D2 A9 80			lda #$80
   968 12D4 85 2C			sta :FP2MAN2
   969 12D6 A9 40			lda #$40
   970 12D8 85 2D			sta :FP2MAN3
   971 12DA AD D3 15			lda K4510.MATHATAN2.RESULT
   972 12DD 85 26			sta :FP1MAN0
   973 12DF AD D4 15			lda K4510.MATHATAN2.RESULT+1
   974 12E2 85 27			sta :FP1MAN1
   975 12E4 AD D5 15			lda K4510.MATHATAN2.RESULT+2
   976 12E7 85 28			sta :FP1MAN2
   977 12E9 AD D6 15			lda K4510.MATHATAN2.RESULT+3
   978 12EC 85 29			sta :FP1MAN3
   979 12EE 20 CE 09			jsr @FMUL
   980 12F1 CA				dex
   981 12F2 A5 2E			lda :FPMAN0
   982 12F4 85 2A			sta @FTOA.I
   983 12F6 A5 2F			lda :FPMAN1
   984 12F8 85 2B			sta @FTOA.I+1
   985 12FA A5 30			lda :FPMAN2
   986 12FC 85 2C			sta @FTOA.I+2
   987 12FE A5 31			lda :FPMAN3
   988 1300 85 2D			sta @FTOA.I+3
   989 1302 CA				dex
   990 1303 20 99 0B			jsr @FTOA
   991 1306 20 A0 0A			@printEOL
   992
   993 				; optimize OK (pfloat.pas), line = 21
   994
   995 1309 9C EB 15			stz A
   996 130C 9C EC 15			stz A+1
   997 130F 9C ED 15			stz A+2
   998 1312 A9 40			lda #$40
   999 1314 8D EE 15			sta A+3
  1000 1317 9C EF 15			stz B
  1001 131A 9C F0 15			stz B+1
  1002 131D A9 80			lda #$80
  1003 131F 8D F1 15			sta B+2
  1004 1322 A9 3F			lda #$3F
  1005 1324 8D F2 15			sta B+3
  1006
  1007 				; optimize FAIL ('@print', pfloat.pas), line = 22
  1008
  1009 					@printSTRING #CODEORIGIN+$00BE
  1009 				 LDY> CODEORIGIN+$00BE\ LDA< CODEORIGIN+$00BE\ JSR @PRINTSTRING
  1009 1327 A0 08		 LDY> CODEORIGIN+$00BE
  1009 1329 A9 BE		 LDA< CODEORIGIN+$00BE
  1009 132B 20 AE 0A		 JSR @PRINTSTRING
  1010 132E AD EB 15			lda A
  1011 1331 8D 85 15			sta SYSTEM.SQRT.@01018F000.X
  1012 1334 AD EC 15			lda A+1
  1013 1337 8D 86 15			sta SYSTEM.SQRT.@01018F000.X+1
  1014 133A AD ED 15			lda A+2
  1015 133D 8D 87 15			sta SYSTEM.SQRT.@01018F000.X+2
  1016 1340 AD EE 15			lda A+3
  1017 1343 8D 88 15			sta SYSTEM.SQRT.@01018F000.X+3
  1018 1346 20 65 0D			jsr SYSTEM.SQRT.@01018F000
  1019 1349 AD 89 15			lda SYSTEM.SQRT.@01018F000.RESULT
  1020 134C 85 2A			sta @FTOA.I
  1021 134E AD 8A 15			lda SYSTEM.SQRT.@01018F000.RESULT+1
  1022 1351 85 2B			sta @FTOA.I+1
  1023 1353 AD 8B 15			lda SYSTEM.SQRT.@01018F000.RESULT+2
  1024 1356 85 2C			sta @FTOA.I+2
  1025 1358 AD 8C 15			lda SYSTEM.SQRT.@01018F000.RESULT+3
  1026 135B 85 2D			sta @FTOA.I+3
  1027 135D 20 99 0B			jsr @FTOA
  1028 					@printSTRING #CODEORIGIN+$00D1
  1028 				 LDY> CODEORIGIN+$00D1\ LDA< CODEORIGIN+$00D1\ JSR @PRINTSTRING
  1028 1360 A0 08		 LDY> CODEORIGIN+$00D1
  1028 1362 A9 D1		 LDA< CODEORIGIN+$00D1
  1028 1364 20 AE 0A		 JSR @PRINTSTRING
  1029 1367 AD EF 15			lda B
  1030 136A 8D 9D 15			sta SYSTEM.COS.@01018F000.X
  1031 136D AD F0 15			lda B+1
  1032 1370 8D 9E 15			sta SYSTEM.COS.@01018F000.X+1
  1033 1373 AD F1 15			lda B+2
  1034 1376 8D 9F 15			sta SYSTEM.COS.@01018F000.X+2
  1035 1379 AD F2 15			lda B+3
  1036 137C 8D A0 15			sta SYSTEM.COS.@01018F000.X+3
  1037 137F 20 10 0E			jsr SYSTEM.COS.@01018F000
  1038 1382 AD A1 15			lda SYSTEM.COS.@01018F000.RESULT
  1039 1385 85 2A			sta @FTOA.I
  1040 1387 AD A2 15			lda SYSTEM.COS.@01018F000.RESULT+1
  1041 138A 85 2B			sta @FTOA.I+1
  1042 138C AD A3 15			lda SYSTEM.COS.@01018F000.RESULT+2
  1043 138F 85 2C			sta @FTOA.I+2
  1044 1391 AD A4 15			lda SYSTEM.COS.@01018F000.RESULT+3
  1045 1394 85 2D			sta @FTOA.I+3
  1046 1396 20 99 0B			jsr @FTOA
  1047 					@printSTRING #CODEORIGIN+$00DD
  1047 				 LDY> CODEORIGIN+$00DD\ LDA< CODEORIGIN+$00DD\ JSR @PRINTSTRING
  1047 1399 A0 08		 LDY> CODEORIGIN+$00DD
  1047 139B A9 DD		 LDA< CODEORIGIN+$00DD
  1047 139D 20 AE 0A		 JSR @PRINTSTRING
  1048 13A0 AD EF 15			lda B
  1049 13A3 8D 95 15			sta SYSTEM.EXP.@01018F000.X
  1050 13A6 AD F0 15			lda B+1
  1051 13A9 8D 96 15			sta SYSTEM.EXP.@01018F000.X+1
  1052 13AC AD F1 15			lda B+2
  1053 13AF 8D 97 15			sta SYSTEM.EXP.@01018F000.X+2
  1054 13B2 AD F2 15			lda B+3
  1055 13B5 8D 98 15			sta SYSTEM.EXP.@01018F000.X+3
  1056 13B8 20 D7 0D			jsr SYSTEM.EXP.@01018F000
  1057 13BB AD 99 15			lda SYSTEM.EXP.@01018F000.RESULT
  1058 13BE 85 2A			sta @FTOA.I
  1059 13C0 AD 9A 15			lda SYSTEM.EXP.@01018F000.RESULT+1
  1060 13C3 85 2B			sta @FTOA.I+1
  1061 13C5 AD 9B 15			lda SYSTEM.EXP.@01018F000.RESULT+2
  1062 13C8 85 2C			sta @FTOA.I+2
  1063 13CA AD 9C 15			lda SYSTEM.EXP.@01018F000.RESULT+3
  1064 13CD 85 2D			sta @FTOA.I+3
  1065 13CF 20 99 0B			jsr @FTOA
  1066 					@printSTRING #CODEORIGIN+$00E9
  1066 				 LDY> CODEORIGIN+$00E9\ LDA< CODEORIGIN+$00E9\ JSR @PRINTSTRING
  1066 13D2 A0 08		 LDY> CODEORIGIN+$00E9
  1066 13D4 A9 E9		 LDA< CODEORIGIN+$00E9
  1066 13D6 20 AE 0A		 JSR @PRINTSTRING
  1067 13D9 AD EF 15			lda B
  1068 13DC 8D 8D 15			sta SYSTEM.ARCTAN.@01018F000.A
  1069 13DF AD F0 15			lda B+1
  1070 13E2 8D 8E 15			sta SYSTEM.ARCTAN.@01018F000.A+1
  1071 13E5 AD F1 15			lda B+2
  1072 13E8 8D 8F 15			sta SYSTEM.ARCTAN.@01018F000.A+2
  1073 13EB AD F2 15			lda B+3
  1074 13EE 8D 90 15			sta SYSTEM.ARCTAN.@01018F000.A+3
  1075 13F1 20 9E 0D			jsr SYSTEM.ARCTAN.@01018F000
  1076 13F4 E8				inx
  1077 13F5 E8				inx
  1078 13F6 A9 00			lda #$00
  1079 13F8 85 2A			sta :FP2MAN0
  1080 13FA 85 2B			sta :FP2MAN1
  1081 13FC A9 80			lda #$80
  1082 13FE 85 2C			sta :FP2MAN2
  1083 1400 A9 40			lda #$40
  1084 1402 85 2D			sta :FP2MAN3
  1085 1404 AD 91 15			lda SYSTEM.ARCTAN.@01018F000.RESULT
  1086 1407 85 26			sta :FP1MAN0
  1087 1409 AD 92 15			lda SYSTEM.ARCTAN.@01018F000.RESULT+1
  1088 140C 85 27			sta :FP1MAN1
  1089 140E AD 93 15			lda SYSTEM.ARCTAN.@01018F000.RESULT+2
  1090 1411 85 28			sta :FP1MAN2
  1091 1413 AD 94 15			lda SYSTEM.ARCTAN.@01018F000.RESULT+3
  1092 1416 85 29			sta :FP1MAN3
  1093 1418 20 CE 09			jsr @FMUL
  1094 141B CA				dex
  1095 141C A5 2E			lda :FPMAN0
  1096 141E 85 2A			sta @FTOA.I
  1097 1420 A5 2F			lda :FPMAN1
  1098 1422 85 2B			sta @FTOA.I+1
  1099 1424 A5 30			lda :FPMAN2
  1100 1426 85 2C			sta @FTOA.I+2
  1101 1428 A5 31			lda :FPMAN3
  1102 142A 85 2D			sta @FTOA.I+3
  1103 142C CA				dex
  1104 142D 20 99 0B			jsr @FTOA
  1105 1430 20 A0 0A			@printEOL
  1106
  1107 				; optimize OK (pfloat.pas), line = 23
  1108
  1109 1433 AD 0D D5			lda K4510.SYS_FRAMES
  1110 1436 8D F9 15			sta F0
  1111 1439 A9 00			lda #$00
  1112 143B 8D F3 15			sta C
  1113 143E 8D F5 15			sta C+2
  1114 1441 8D F4 15			sta C+1
  1115 1444 8D F6 15			sta C+3
  1116
  1117 				; optimize OK (pfloat.pas), line = 24
  1118
  1119 1447 A9 01			lda #$01
  1120 1449 8D F7 15			sta I
  1121 144C 9C F8 15			stz I+1
  1122
  1123 144F			l_027C
  1124 				; --- ForToDoCondition
  1125 144F AD F8 15			lda I+1
  1126 1452 C9 13			cmp #$13
  1127 1454 90 11			bcc @+
  1128 1456 F0 03 4C 17 15		jne l_0286
  1129 145B AD F7 15			lda I
  1130 145E C9 88			cmp #$88
  1131 1460 90 05			bcc @+
  1132 1462 F0 03 4C 17 15		jne l_0286
  1133 				@
  1134 1467 AD EF 15			lda B
  1135 146A 85 2A			sta :FP2MAN0
  1136 146C AD F0 15			lda B+1
  1137 146F 85 2B			sta :FP2MAN1
  1138 1471 AD F1 15			lda B+2
  1139 1474 85 2C			sta :FP2MAN2
  1140 1476 AD F2 15			lda B+3
  1141 1479 85 2D			sta :FP2MAN3
  1142 147B AD EB 15			lda A
  1143 147E 85 26			sta :FP1MAN0
  1144 1480 AD EC 15			lda A+1
  1145 1483 85 27			sta :FP1MAN1
  1146 1485 AD ED 15			lda A+2
  1147 1488 85 28			sta :FP1MAN2
  1148 148A AD EE 15			lda A+3
  1149 148D 85 29			sta :FP1MAN3
  1150 148F 20 CE 09			jsr @FMUL
  1151 1492 A5 2E			lda :FPMAN0
  1152 1494 85 26			sta :FP1MAN0
  1153 1496 A5 2F			lda :FPMAN1
  1154 1498 85 27			sta :FP1MAN1
  1155 149A A5 30			lda :FPMAN2
  1156 149C 85 28			sta :FP1MAN2
  1157 149E A5 31			lda :FPMAN3
  1158 14A0 85 29			sta :FP1MAN3
  1159 14A2 64 2A			stz :FP2MAN0
  1160 14A4 64 2B			stz :FP2MAN1
  1161 14A6 A9 40			lda #$40
  1162 14A8 85 2C			sta :FP2MAN2
  1163 14AA 85 2D			sta :FP2MAN3
  1164 14AC 20 15 0A			jsr @FDIV
  1165 14AF A5 2E			lda :FPMAN0
  1166 14B1 85 2A			sta :FP2MAN0
  1167 14B3 A5 2F			lda :FPMAN1
  1168 14B5 85 2B			sta :FP2MAN1
  1169 14B7 A5 30			lda :FPMAN2
  1170 14B9 85 2C			sta :FP2MAN2
  1171 14BB A5 31			lda :FPMAN3
  1172 14BD 85 2D			sta :FP2MAN3
  1173 14BF AD F3 15			lda C
  1174 14C2 85 26			sta :FP1MAN0
  1175 14C4 AD F4 15			lda C+1
  1176 14C7 85 27			sta :FP1MAN1
  1177 14C9 AD F5 15			lda C+2
  1178 14CC 85 28			sta :FP1MAN2
  1179 14CE AD F6 15			lda C+3
  1180 14D1 85 29			sta :FP1MAN3
  1181 14D3 20 40 09			jsr @FADD
  1182 14D6 A5 2E			lda :FPMAN0
  1183 14D8 85 26			sta :FP1MAN0
  1184 14DA A5 2F			lda :FPMAN1
  1185 14DC 85 27			sta :FP1MAN1
  1186 14DE A5 30			lda :FPMAN2
  1187 14E0 85 28			sta :FP1MAN2
  1188 14E2 A5 31			lda :FPMAN3
  1189 14E4 85 29			sta :FP1MAN3
  1190 14E6 64 2A			stz :FP2MAN0
  1191 14E8 64 2B			stz :FP2MAN1
  1192 14EA 64 2C			stz :FP2MAN2
  1193 14EC A9 3F			lda #$3F
  1194 14EE 85 2D			sta :FP2MAN3
  1195 14F0 20 87 09			jsr @FSUB
  1196 14F3 A5 2E			lda :FPMAN0
  1197 14F5 8D F3 15			sta C
  1198 14F8 A5 2F			lda :FPMAN1
  1199 14FA 8D F4 15			sta C+1
  1200 14FD A5 30			lda :FPMAN2
  1201 14FF 8D F5 15			sta C+2
  1202 1502 A5 31			lda :FPMAN3
  1203 1504 8D F6 15			sta C+3
  1204
  1205 				; --- ForToDoEpilog
  1206 1507 EE F7 15			inc I
  1207 150A F0 03 4C 4F 14		jne l_027C
  1208 150F EE F8 15			inc I+1
  1209 1512 F0 03 4C 4F 14		jne l_027C
  1210 1517			l_0286
  1211
  1212 				; optimize OK (pfloat.pas), line = 25
  1213
  1214 1517 AD 0D D5			lda K4510.SYS_FRAMES
  1215 151A 38 ED F9 15			sub F0
  1216 151E 8D FA 15			sta N
  1217 1521 A9 00			lda #$00
  1218 1523 E9 00			sbc #$00
  1219 1525 A0 00			ldy #$00
  1220 1527 29 00			and #$00
  1221 1529 10 01			spl
  1222 152B 88				dey
  1223 152C 8D FB 15			sta N+1
  1224 152F 8C FC 15			sty N+2
  1225 1532 8C FD 15			sty N+3
  1226
  1227 				; optimize FAIL ('@print', pfloat.pas), line = 26
  1228
  1229 					@printSTRING #CODEORIGIN+$00FA
  1229 				 LDY> CODEORIGIN+$00FA\ LDA< CODEORIGIN+$00FA\ JSR @PRINTSTRING
  1229 1535 A0 08		 LDY> CODEORIGIN+$00FA
  1229 1537 A9 FA		 LDA< CODEORIGIN+$00FA
  1229 1539 20 AE 0A		 JSR @PRINTSTRING
  1230 153C E8				inx
  1231 153D AD FA 15 95 64		mva N :STACKORIGIN,x
  1232 1542 AD FB 15 95 74		mva N+1 :STACKORIGIN+STACKWIDTH,x
  1233 1547 AD FC 15 95 84		mva N+2 :STACKORIGIN+STACKWIDTH*2,x
  1234 154C AD FD 15 95 94		mva N+3 :STACKORIGIN+STACKWIDTH*3,x
  1235 1551 20 E7 0A			jsr @printINT
  1236 1554 CA				dex
  1237 					@printSTRING #CODEORIGIN+$0118
  1237 				 LDY> CODEORIGIN+$0118\ LDA< CODEORIGIN+$0118\ JSR @PRINTSTRING
  1237 1555 A0 09		 LDY> CODEORIGIN+$0118
  1237 1557 A9 18		 LDA< CODEORIGIN+$0118
  1237 1559 20 AE 0A		 JSR @PRINTSTRING
  1238 155C AD F3 15			lda C
  1239 155F 85 2A			sta @FTOA.I
  1240 1561 AD F4 15			lda C+1
  1241 1564 85 2B			sta @FTOA.I+1
  1242 1566 AD F5 15			lda C+2
  1243 1569 85 2C			sta @FTOA.I+2
  1244 156B AD F6 15			lda C+3
  1245 156E 85 2D			sta @FTOA.I+3
  1246 1570 20 99 0B			jsr @FTOA
  1247 1573 20 A0 0A			@printEOL
  1248
  1249 				; ------------------------------------------------------------
  1250
  1251 = 15EB			A	= DATAORIGIN+$0071
  1252 = 15EF			B	= DATAORIGIN+$0075
  1253 = 15F3			C	= DATAORIGIN+$0079
  1254 = 15F7			I	= DATAORIGIN+$007D
  1255 = 15F9			F0	= DATAORIGIN+$007F
  1256 = 15FA			N	= DATAORIGIN+$0080
  1257 1576			@exit
  1258
  1259 1576 A2 00		@halt	ldx #$00
  1260 1578 9A				txs
  1261
  1262 1579 60				rts
  1263
  1264 				; ------------------------------------------------------------
  1265
  1266 157A			.local	@DEFINES
  1267 157A			K4510
  1268 157A			CPU_65C02
  1269 				.endl
  1270
  1271 157A			.local	@RESOURCE
  1272 				.endl
  1273
  1274 				.endl							; MAIN
  1275
  1276 				; ------------------------------------------------------------
  1277 				; ------------------------------------------------------------
  1278
  1279 				.macro	UNITINITIALIZATION
  1280 				
  1281 					.ifdef MAIN.SYSTEM.@UnitInit
  1282 					jsr MAIN.SYSTEM.@UnitInit
  1283 					.fi
  1284 				
  1285 					.ifdef MAIN.K4510.@UnitInit
  1286 					jsr MAIN.K4510.@UnitInit
  1287 					.fi
  1288 				.endm
  1289
  1290 				; ------------------------------------------------------------
  1291
  1292 					ift .SIZEOF(MAIN.SYSTEM) > 0
  1293 					.print 'SYSTEM: ',MAIN.SYSTEM,'..',MAIN.SYSTEM+.SIZEOF(MAIN.SYSTEM)-1
  1293 				SYSTEM: $0D65..$0E4B
  1294 					eif
  1295
  1296 					ift .SIZEOF(MAIN.K4510) > 0
  1297 					.print 'K4510: ',MAIN.K4510,'..',MAIN.K4510+.SIZEOF(MAIN.K4510)-1
  1297 				K4510: $0E4C..$1032
  1298 					eif
  1299
  1300 				.nowarn	.print 'CODE: ',CODEORIGIN,'..',MAIN.@RESOURCE-1
  1300 				CODE: $0800..$1579
  1301
  1302 					ift .SIZEOF(MAIN.@RESOURCE)>0
  1303 				.nowarn	.print 'RESOURCE: ',MAIN.@RESOURCE,'..',MAIN.@RESOURCE+.SIZEOF(MAIN.@RESOURCE)-1
  1304 					eif
  1305
  1306 157A			@end
  1307
  1308 				.nowarn	.print 'VARS: ',MAIN.@RESOURCE+.SIZEOF(MAIN.@RESOURCE),'..',@end-1
  1308 				VARS: $157A..$1579
  1309
  1310 				; ------------------------------------------------------------
  1311
  1312 = 157A				?adr = *
  1313 					ift (?adr < ?old_adr) && (?old_adr - ?adr < $120)
  1314 					?adr = ?old_adr
  1315 					eif
  1316
  1317 					org ?adr
  1318 = 157A				?old_adr = *
  1319
  1320 157A			DATAORIGIN
  1321 157A 2D 0C 00 00 00 4F + .by  $2D $0C $00 $00 $00 $4F $00 $1D
  1322
  1323 = 0008			VARINITSIZE	= *-DATAORIGIN
  1324 = 0084			VARDATASIZE	= 132
  1325
  1326 = 15FE			PROGRAMSTACK	= DATAORIGIN+VARDATASIZE
  1327
  1328 					.print 'DATA: ',DATAORIGIN,'..',PROGRAMSTACK
  1328 				DATA: $157A..$15FE
  1329
  1330 					ert DATAORIGIN<@end,'DATA memory overlap'
  1331
  1332 				; ------------------------------------------------------------
  1333
  1334 				.macro	STATICDATA
  1335 				.by  $0D $31 $2E $35 $20 $2B $20 $32  $2E $32 $35 $20 $3D $20 $0D $31  $2E $35 $20 $2D $20 $32 $2E $32
  1336 				.by  $35 $20 $3D $20 $0D $31 $2E $35  $20 $2A $20 $32 $2E $32 $35 $20  $3D $20 $08 $37 $20 $2F $20 $32
  1337 				.by  $20 $3D $20 $0E $74 $72 $75 $6E  $63 $28 $2D $33 $2E $37 $29 $20  $3D $20 $0F $20 $20 $72 $6F $75
  1338 				.by  $6E $64 $28 $32 $2E $35 $29 $20  $3D $20 $0F $20 $20 $66 $72 $61  $63 $28 $33 $2E $37 $35 $29 $20
  1339 				.by  $3D $20 $0F $31 $2E $35 $20 $3C  $20 $32 $2E $32 $35 $3A $20 $79  $65 $73 $0E $31 $2E $35 $20 $3C
  1340 				.by  $20 $32 $2E $32 $35 $3A $20 $4E  $4F $0A $73 $71 $72 $74 $28 $32  $29 $20 $3D $20 $0B $20 $20 $73
  1341 				.by  $69 $6E $28 $31 $29 $20 $3D $20  $0B $20 $20 $6C $6E $28 $31 $30  $29 $20 $3D $20 $07 $32 $5E $31
  1342 				.by  $30 $20 $3D $20 $11 $20 $20 $61  $74 $61 $6E $32 $28 $31 $2C $31  $29 $2A $34 $20 $3D $20 $12 $53
  1343 				.by  $59 $53 $54 $45 $4D $3A $20 $73  $71 $72 $74 $28 $32 $29 $20 $3D  $20 $0B $20 $20 $63 $6F $73 $28
  1344 				.by  $31 $29 $20 $3D $20 $0B $20 $20  $65 $78 $70 $28 $31 $29 $20 $3D  $20 $10 $20 $20 $61 $72 $63 $74
  1345 				.by  $61 $6E $28 $31 $29 $2A $34 $20  $3D $20 $1D $35 $30 $30 $30 $20  $78 $20 $28 $6D $75 $6C $2C $20
  1346 				.by  $64 $69 $76 $2C $20 $61 $64 $64  $2C $20 $73 $75 $62 $29 $3A $20  $0D $20 $66 $72 $61 $6D $65 $73
  1347 				.by  $2C $20 $63 $20 $3D $20
  1348 				.endm
  1349
  1350 					end
