mads 2.1.8
demo/pas/psieve.a65 -x -i:/home/doc/Projects/neo6502_dev/Mad-Pascal/base -o:fs/PRG/psieve.prg 
   119 					opt l+
   106
   107 				.print 'ZPAGE: ',zpage,'..',zpend-1
   107 				ZPAGE: $0022..$00A3
   108
   109 				.print 'RTBUF: ',@buf,'..',@buf+255
   109 				RTBUF: $0300..$03FF
   110
   111 				.print 'RTLIB: ',RTLIB,'..',*-1
   111 				RTLIB: $0828..$099A
   112
   113 				; ------------------------------------------------------------
   114
   115 099B			START
   116 099B BA				tsx
   117 099C 8E 7C 0B			stx MAIN.@halt+1
   118
   119 = 200D			VLEN	= VARDATASIZE-VARINITSIZE
   120 = 0B8C			VADR	= DATAORIGIN+VARINITSIZE
   121
   122 					ift (VLEN > 0) && (VLEN <= 256)
   123 					ldx #256-VLEN
   124 					lda #$00
   125 					sta:rne VADR+VLEN-256,x+
   126 					eli VLEN>256
   127 099F				m@init
Macro: M@INIT [Source: macros.asm]
     2 099F A0 8C			ldy <VADR
     3 09A1 A2 0B			ldx >VADR
     5 09A3 A9 00			lda #$00
     6 09A5 F0 07			beq skp_
     8 09A7 99 00 10		clr	sta adr: $1000,y
    10 09AA C8				iny
    11 09AB D0 04			bne skp
    12 09AD E8				inx
    13 09AE 8E A9 09		skp_	stx adr+1
    15 09B1 E0 2B		skp	cpx >VADR+VLEN
    16 09B3 D0 F2			bne clr
    17 09B5 C0 99			cpy <VADR+VLEN
    18 09B7 D0 EE			bne clr
Source: psieve.a65
   128 					eif
   129
   130 				.ifdef psptr
   131 					mwa #PROGRAMSTACK psptr
   132 				.fi
   133
   134 09B9 A2 00			ldx #$00
   135 09BB 86 22			stx bp						; BP = 0
   136
   137 09BD CA				dex						; X = 255
   138
   139 					opt c+
   140 09BE				UNITINITIALIZATION
Macro: UNITINITIALIZATION [Source: psieve.a65]
     3 09BE 20 C4 09			jsr MAIN.SYSTEM.@UnitInit
Source: psieve.a65
   141
   142 09C1			.local	MAIN						; PROCEDURE
   143
   144 09C1 4C D3 09			jmp l_002C
   145
   146 				; ------------------------------------------------------------
   147
   148 09C4			.local	SYSTEM						; UNIT
   149
   150 				; ------------------------------------------------------------
   151 				; ------------------------------------------------------------
   152 09C4			@UnitInit
   153
   154 09C4 60				rts
   155
   156 				; ------------------------------------------------------------
   157
   158 = 0648			M_PI_2	= $0648
   159 = 0192			D_PI_2	= $0192
   160 = 0004			D_PI_180	= $04
   161 = 0004			FMOPENREAD	= $04
   162 = 0008			FMOPENWRITE	= $08
   163 = 0009			FMOPENAPPEND	= $09
   164 = 000C			FMOPENREADWRITE	= $0C
   165 = 0B84			DATESEPARATOR	= DATAORIGIN+$0000
   166 = 0B85			FILEMODE	= DATAORIGIN+$0001
   167 = 0B86			GRAPHMODE	= DATAORIGIN+$0002
   168 = 0B87			IORESULT	= DATAORIGIN+$0003
   169 = 0B88			EOLN	= DATAORIGIN+$0004
   170 = 0B89			SCREENWIDTH	= DATAORIGIN+$0005
   171 = 0B8B			SCREENHEIGHT	= DATAORIGIN+$0007
   172 = 0000			adr.MEM	= $00
   173 09C5			.var MEM	= adr.MEM .word
   174 = 0B8D			RNDSEED	= DATAORIGIN+$0009
   175
   176 = 09C5 00 00		MEM
   176 				.endl							; UNIT SYSTEM
   177
   178 				; ------------------------------------------------------------
   179
   180 09C7			.local	K4510						; UNIT
   181
   182 				; ------------------------------------------------------------
   183
   184 = D000			VICKY_BASE	= $D000
   185 = D500			SYS_BASE	= $D500
   186 = D700			MATH_BASE	= $D700
   187 = DA00			TERM_BASE	= $DA00
   188 = 0001			FS_OPEN_READ	= $01
   189 = 0002			FS_OPEN_WRITE	= $02
   190 = 0003			FS_READ	= $03
   191 = 0004			FS_WRITE	= $04
   192 = 0005			FS_CLOSE	= $05
   193 = 0006			FS_DIR_FIRST	= $06
   194 = 0007			FS_DIR_NEXT	= $07
   195 = 0008			FS_STAT	= $08
   196 = 0009			FS_LOAD	= $09
   197 = 000A			FS_SAVE	= $0A
   198 = 000B			FS_CHDIR	= $0B
   199 = 000C			FS_MKDIR	= $0C
   200 = 000D			FS_RM	= $0D
   201 = 000E			FS_RMDIR	= $0E
   202 = 000F			FS_GETCWD	= $0F
   203 = D000			adr.VICKY	= $D000
   204 09C7			.var VICKY	= adr.VICKY .word
   205 = D100			KBD	= $D100
   206 = D101			KBDST	= $D101
   207 = D102			KBDPEEK	= $D102
   208 = D200			DMA_SRC	= $D200
   209 = D204			DMA_DST	= $D204
   210 = D208			DMA_LEN	= $D208
   211 = D20C			DMA_CMD	= $D20C
   212 = D300			FS_CMD	= $D300
   213 = D301			FS_STATUS	= $D301
   214 = D304			FS_NAMEPTR	= $D304
   215 = D308			FS_ADDR	= $D308
   216 = D30C			FS_LEN	= $D30C
   217 = D310			FS_SIZE	= $D310
   218 = D500			adr.SYS	= $D500
   219 09C7			.var SYS	= adr.SYS .word
   220 = D50D			SYS_FRAMES	= $D50D
   221 = D50D			adr.SYS_FRAMES24	= $D50D
   222 09C7			.var SYS_FRAMES24	= adr.SYS_FRAMES24 .word
   223 = D700			adr.MATH_F	= $D700
   224 09C7			.var MATH_F	= adr.MATH_F .word
   225 = D720			MATH_FOP	= $D720
   226 = D721			MATH_FARG	= $D721
   227 = D722			MATH_FFLAGS	= $D722
   228 = D724			MATH_FI	= $D724
   229 = D770			MULTINA	= $D770
   230 = D774			MULTINB	= $D774
   231 = D778			MULTOUT	= $D778
   232 = D76C			DIVOUT	= $D76C
   233 = D800			adr.TUBE	= $D800
   234 09C7			.var TUBE	= adr.TUBE .word
   235 = D900			adr.NET	= $D900
   236 09C7			.var NET	= adr.NET .word
   237 = DA00			TERM	= $DA00
   238 = DA01			TERM_ST	= $DA01
   239 = DA02			TERM_REP	= $DA02
   240 = DA03			TERM_KEY	= $DA03
   241 = DA04			TERM_CTL	= $DA04
   242 = DA05			TERM_COLS	= $DA05
   243 = DA06			TERM_ROWS	= $DA06
   244 = DA09			TERM_CX	= $DA09
   245 = DA0A			TERM_CY	= $DA0A
   246 = DA0B			TERM_FG	= $DA0B
   247 = DA0C			TERM_BG	= $DA0C
   248 = DA0E			TERM_FLAGS	= $DA0E
   249
   250 = 09C7 00 D0		VICKY
   250 = 09C9 00 D5		SYS
   250 = 09CB 0D D5		SYS_FRAMES24
   250 = 09CD 00 D7		MATH_F
   250 = 09CF 00 D8		TUBE
   250 = 09D1 00 D9		NET
   250 				.endl							; UNIT K4510
   251 09D3			l_002C
   252
   253 				; optimize OK (psieve.pas), line = 10
   254
   255 09D3 AD 0D D5			lda K4510.SYS_FRAMES
   256 09D6 8D 96 2B			sta F0
   257
   258 				; optimize OK (psieve.pas), line = 11
   259
   260 09D9 A9 01			lda #$01
   261 09DB 8D 94 2B			sta ITER
   262 09DE 9C 95 2B			stz ITER+1
   263
   264 09E1			l_00AC
   265 				; --- ForToDoCondition
   266 09E1 AD 94 2B			lda ITER
   267 09E4 C9 0B			cmp #$0B
   268 09E6 90 03 4C 12 0B		jcs l_00B6
   269
   270 				; optimize OK (psieve.pas), line = 12
   271
   272 09EB 9C 92 2B			stz COUNT
   273 09EE 9C 93 2B			stz COUNT+1
   274
   275 				; optimize OK (psieve.pas), line = 13
   276
   277 09F1 9C 8E 2B			stz I
   278 09F4 9C 8F 2B			stz I+1
   279
   280 09F7			l_00C3
   281 				; --- ForToDoCondition
   282 09F7 AD 8F 2B			lda I+1
   283 09FA C9 1F			cmp #$1F
   284 09FC 90 0B			bcc @+
   285 09FE D0 27			jne l_00CD
   286 0A00 AD 8E 2B			lda I
   287 0A03 C9 FE			cmp #$FE
   288 0A05 90 02			bcc @+
   289 0A07 D0 1E			jne l_00CD
   290 				@
   291 0A09 AD 7F 0B			lda FLAGS
   292 0A0C 18 6D 8E 2B			add I
   293 0A10 A8				tay
   294 0A11 AD 80 0B			lda FLAGS+1
   295 0A14 6D 8F 2B			adc I+1
   296 0A17 85 23			sta :bp+1
   297 0A19 A9 01			lda #$01
   298 0A1B 91 22			sta (:bp),y
   299
   300 				; --- ForToDoEpilog
   301 0A1D EE 8E 2B			inc I
   302 0A20 D0 D5			jne l_00C3
   303 0A22 EE 8F 2B			inc I+1
   304 0A25 D0 D0			jne l_00C3
   305 0A27			l_00CD
   306
   307 				; optimize OK (psieve.pas), line = 14
   308
   309 0A27 9C 8E 2B			stz I
   310 0A2A 9C 8F 2B			stz I+1
   311
   312 0A2D			l_00E0
   313 				; --- ForToDoCondition
   314 0A2D AD 8F 2B			lda I+1
   315 0A30 C9 1F			cmp #$1F
   316 0A32 90 12			bcc @+
   317 0A34 F0 03 4C 0A 0B		jne l_00EA
   318 0A39 AD 8E 2B			lda I
   319 0A3C C9 FE			cmp #$FE
   320 0A3E 90 06			bcc @+
   321 0A40 F0 03 4C 0A 0B		jne l_00EA
   322 0A45 18				clc
   323 				@
   324 				; optimize OK (psieve.pas), line = 15
   325
   326 0A46 AD 7F 0B			lda FLAGS
   327 0A49 6D 8E 2B			adc I
   328 0A4C A8				tay
   329 0A4D AD 80 0B			lda FLAGS+1
   330 0A50 6D 8F 2B			adc I+1
   331 0A53 85 23			sta :bp+1
   332 0A55 B1 22			lda (:bp),y
   333 0A57 D0 03 4C FA 0A		jeq l_00F5
   334
   335 				; optimize OK (psieve.pas), line = 16
   336
   337 0A5C AD 8E 2B			lda I
   338 0A5F 18 6D 8E 2B			add I
   339 0A63 A8				tay
   340 0A64 AD 8F 2B			lda I+1
   341 0A67 6D 8F 2B			adc I+1
   342 0A6A 8D 91 2B			sta K+1
   343 0A6D 98				tya
   344 0A6E 18 69 03			add #$03
   345 0A71 8D 90 2B			sta K
   346 0A74 90 03			scc
   347 0A76 EE 91 2B			inc K+1
   348
   349 				; --- WhileProlog
   350 0A79 4C CB 0A			jmp l_0104
   351 0A7C			l_0105
   352
   353 				; optimize OK (psieve.pas), line = 17
   354
   355 0A7C AD 8E 2B			lda I
   356 0A7F 18 6D 90 2B			add K
   357 0A83 85 6D			sta :STACKORIGIN+9
   358 0A85 AD 8F 2B			lda I+1
   359 0A88 6D 91 2B			adc K+1
   360 0A8B 85 7D			sta :STACKORIGIN+STACKWIDTH+9
   361 0A8D AD 7F 0B			lda FLAGS
   362 0A90 18 65 6D			add :STACKORIGIN+9
   363 0A93 A8				tay
   364 0A94 AD 80 0B			lda FLAGS+1
   365 0A97 65 7D			adc :STACKORIGIN+STACKWIDTH+9
   366 0A99 85 23			sta :bp+1
   367 0A9B A9 00			lda #$00
   368 0A9D 91 22			sta (:bp),y
   369 0A9F AD 90 2B			lda K
   370 0AA2 18 6D 8E 2B			add I
   371 0AA6 85 6D			sta :STACKORIGIN+9
   372 0AA8 AD 91 2B			lda K+1
   373 0AAB 6D 8F 2B			adc I+1
   374 0AAE 85 7D			sta :STACKORIGIN+STACKWIDTH+9
   375 0AB0 A5 6D			lda :STACKORIGIN+9
   376 0AB2 18 6D 8E 2B			add I
   377 0AB6 A8				tay
   378 0AB7 A5 7D			lda :STACKORIGIN+STACKWIDTH+9
   379 0AB9 6D 8F 2B			adc I+1
   380 0ABC 8D 91 2B			sta K+1
   381 0ABF 98				tya
   382 0AC0 18 69 03			add #$03
   383 0AC3 8D 90 2B			sta K
   384 0AC6 90 03			scc
   385 0AC8 EE 91 2B			inc K+1
   386 0ACB			l_0104
   387 0ACB AD 8E 2B			lda I
   388 0ACE 18 6D 90 2B			add K
   389 0AD2 85 6D			sta :STACKORIGIN+9
   390 0AD4 AD 8F 2B			lda I+1
   391 0AD7 6D 91 2B			adc K+1
   392 0ADA 85 7D			sta :STACKORIGIN+STACKWIDTH+9
   393 0ADC A9 00			lda #$00
   394 0ADE 69 00			adc #$00
   395 0AE0 C9 00			cmp #$00
   396 0AE2 D0 0A			bne @+
   397 0AE4 A5 7D			lda :STACKORIGIN+STACKWIDTH+9
   398 0AE6 C9 1F			cmp #$1F
   399 0AE8 D0 04			bne @+
   400 0AEA A5 6D			lda :STACKORIGIN+9
   401 0AEC C9 FE			cmp #$FE
   402 				@
   403 0AEE 90 8C			jcc l_0105
   404 0AF0 F0 8A			jeq l_0105
   405
   406 				; optimize FAIL (0, psieve.pas), line = 18
   407
   408 0AF2 EE 92 2B			inc COUNT
   409 0AF5 D0 03			sne
   410 0AF7 EE 93 2B			inc COUNT+1
   411 0AFA			l_00F5
   412
   413 				; --- ForToDoEpilog
   414 0AFA EE 8E 2B			inc I
   415 0AFD F0 03 4C 2D 0A		jne l_00E0
   416 0B02 EE 8F 2B			inc I+1
   417 0B05 F0 03 4C 2D 0A		jne l_00E0
   418 0B0A			l_00EA
   419
   420 				; --- ForToDoEpilog
   421 0B0A EE 94 2B			inc ITER
   422 0B0D F0 03 4C E1 09		jne l_00AC
   423 0B12			l_00B6
   424
   425 				; optimize OK (psieve.pas), line = 21
   426
   427 0B12 AD 0D D5			lda K4510.SYS_FRAMES
   428 0B15 38 ED 96 2B			sub F0
   429 0B19 8D 97 2B			sta FRAMES
   430 0B1C A9 00			lda #$00
   431 0B1E E9 00			sbc #$00
   432 0B20 29 00			and #$00
   433 0B22 8D 98 2B			sta FRAMES+1
   434
   435 				; optimize FAIL ('@print', psieve.pas), line = 22
   436
   437 0B25 AD 92 2B			lda COUNT
   438 0B28 AC 93 2B			ldy COUNT+1
   439 0B2B 20 F0 08			jsr @printWORD._ay
   440 					@printSTRING #CODEORIGIN+$0000
   440 				 LDY> CODEORIGIN+$0000\ LDA< CODEORIGIN+$0000\ JSR @PRINTSTRING
   440 0B2E A0 08		 LDY> CODEORIGIN+$0000
   440 0B30 A9 00		 LDA< CODEORIGIN+$0000
   440 0B32 20 BD 08		 JSR @PRINTSTRING
   441 0B35 AD 97 2B			lda FRAMES
   442 0B38 AC 98 2B			ldy FRAMES+1
   443 0B3B 20 F0 08			jsr @printWORD._ay
   444 					@printSTRING #CODEORIGIN+$0018
   444 				 LDY> CODEORIGIN+$0018\ LDA< CODEORIGIN+$0018\ JSR @PRINTSTRING
   444 0B3E A0 08		 LDY> CODEORIGIN+$0018
   444 0B40 A9 18		 LDA< CODEORIGIN+$0018
   444 0B42 20 BD 08		 JSR @PRINTSTRING
   445 0B45 E8				inx
   446 0B46 AD 97 2B 95 64		mva FRAMES :STACKORIGIN,x
   447 0B4B AD 98 2B 95 74		mva FRAMES+1 :STACKORIGIN+STACKWIDTH,x
   448 0B50 E8				inx
   449 0B51 A9 10 95 64			mva #$10 :STACKORIGIN,x
   450 0B55 A9 00 95 74			mva #$00 :STACKORIGIN+STACKWIDTH,x
   451 0B59 20 28 08			jsr imulWORD
   452 0B5C A5 26			lda :eax
   453 0B5E 95 63			sta :STACKORIGIN-1,x
   454 0B60 A5 27			lda :eax+1
   455 0B62 95 73			sta :STACKORIGIN-1+STACKWIDTH,x
   456 0B64 A5 28			lda :eax+2
   457 0B66 95 83			sta :STACKORIGIN-1+STACKWIDTH*2,x
   458 0B68 A5 29			lda :eax+3
   459 0B6A 95 93			sta :STACKORIGIN-1+STACKWIDTH*3,x
   460 0B6C CA				dex
   461 0B6D 20 FD 08			jsr @printCARD
   462 0B70 CA				dex
   463 					@printSTRING #CODEORIGIN+$0022
   463 				 LDY> CODEORIGIN+$0022\ LDA< CODEORIGIN+$0022\ JSR @PRINTSTRING
   463 0B71 A0 08		 LDY> CODEORIGIN+$0022
   463 0B73 A9 22		 LDA< CODEORIGIN+$0022
   463 0B75 20 BD 08		 JSR @PRINTSTRING
   464 0B78 20 AF 08			@printEOL
   465
   466 				; ------------------------------------------------------------
   467
   468 = 1FFE			N	= $1FFE
   469 = 0B8F			adr.FLAGS	= [DATAORIGIN+$000B] .array [8191]
   470 0B7B			.var FLAGS	= adr.FLAGS .word
   471 = 2B8E			I	= DATAORIGIN+$200A
   472 = 2B90			K	= DATAORIGIN+$200C
   473 = 2B92			COUNT	= DATAORIGIN+$200E
   474 = 2B94			ITER	= DATAORIGIN+$2010
   475 = 2B96			F0	= DATAORIGIN+$2012
   476 = 2B97			FRAMES	= DATAORIGIN+$2013
   477 0B7B			@exit
   478
   479 0B7B A2 00		@halt	ldx #$00
   480 0B7D 9A				txs
   481
   482 0B7E 60				rts
   483
   484 				; ------------------------------------------------------------
   485
   486 0B7F			.local	@DEFINES
   487 0B7F			K4510
   488 0B7F			CPU_65C02
   489 				.endl
   490
   491 0B7F			.local	@RESOURCE
   492 				.endl
   493
   494 = 0B7F 8F 0B		FLAGS
   494 				.endl							; MAIN
   495
   496 				; ------------------------------------------------------------
   497 				; ------------------------------------------------------------
   498
   499 				.macro	UNITINITIALIZATION
   500 				
   501 					.ifdef MAIN.SYSTEM.@UnitInit
   502 					jsr MAIN.SYSTEM.@UnitInit
   503 					.fi
   504 				
   505 					.ifdef MAIN.K4510.@UnitInit
   506 					jsr MAIN.K4510.@UnitInit
   507 					.fi
   508 				.endm
   509
   510 				; ------------------------------------------------------------
   511
   512 					ift .SIZEOF(MAIN.SYSTEM) > 0
   513 					.print 'SYSTEM: ',MAIN.SYSTEM,'..',MAIN.SYSTEM+.SIZEOF(MAIN.SYSTEM)-1
   513 				SYSTEM: $09C4..$09C6
   514 					eif
   515
   516 					ift .SIZEOF(MAIN.K4510) > 0
   517 					.print 'K4510: ',MAIN.K4510,'..',MAIN.K4510+.SIZEOF(MAIN.K4510)-1
   517 				K4510: $09C7..$09D2
   518 					eif
   519
   520 				.nowarn	.print 'CODE: ',CODEORIGIN,'..',MAIN.@RESOURCE-1
   520 				CODE: $0800..$0B7E
   521
   522 					ift .SIZEOF(MAIN.@RESOURCE)>0
   523 				.nowarn	.print 'RESOURCE: ',MAIN.@RESOURCE,'..',MAIN.@RESOURCE+.SIZEOF(MAIN.@RESOURCE)-1
   524 					eif
   525
   526 0B81			@end
   527
   528 				.nowarn	.print 'VARS: ',MAIN.@RESOURCE+.SIZEOF(MAIN.@RESOURCE),'..',@end-1
   528 				VARS: $0B7F..$0B80
   529
   530 				; ------------------------------------------------------------
   531
   532 = 0B81				?adr = *
   533 					ift (?adr < ?old_adr) && (?old_adr - ?adr < $120)
   534 = 0B84				?adr = ?old_adr
   535 					eif
   536
   537 					org ?adr
   538 = 0B84				?old_adr = *
   539
   540 0B84			DATAORIGIN
   541 0B84 2D 0C 00 00 00 4F + .by  $2D $0C $00 $00 $00 $4F $00 $1D
   542
   543 = 0008			VARINITSIZE	= *-DATAORIGIN
   544 = 2015			VARDATASIZE	= 8213
   545
   546 = 2B99			PROGRAMSTACK	= DATAORIGIN+VARDATASIZE
   547
   548 					.print 'DATA: ',DATAORIGIN,'..',PROGRAMSTACK
   548 				DATA: $0B84..$2B99
   549
   550 					ert DATAORIGIN<@end,'DATA memory overlap'
   551
   552 				; ------------------------------------------------------------
   553
   554 				.macro	STATICDATA
   555 				.by  $17 $20 $70 $72 $69 $6D $65 $73  $2C $20 $74 $65 $6E $20 $70 $61  $73 $73 $65 $73 $20 $69 $6E $20
   556 				.by  $09 $20 $66 $72 $61 $6D $65 $73  $20 $28 $05 $20 $6D $73 $29 $2E
   557 				.endm
   558
   559 					end
